---
source: crates/runtime/tests/rehydration/mod.rs
expression: restart2_items_pretty
---
+------------+--------------+
| l_orderkey | l_linenumber |
+------------+--------------+
| 1          | 2            |
| 1          | 3            |
| 1          | 4            |
| 1          | 5            |
| 1          | 6            |
| 2          | 1            |
| 3          | 1            |
| 3          | 2            |
| 3          | 3            |
| 3          | 4            |
+------------+--------------+
