---
source: crates/runtime/benches/bench.rs
expression: records_pretty
---
+------------------+-------------+
| i_item_id        | total_sales |
+------------------+-------------+
| AAAAAAAAAABEAAAA | 63.40       |
| AAAAAAAAAABEAAAA | 10202.19    |
| AAAAAAAAAABEAAAA | 11682.23    |
| AAAAAAAAAACAAAAA | 239.21      |
| AAAAAAAAAACAAAAA | 691.52      |
| AAAAAAAAAACAAAAA | 3024.62     |
| AAAAAAAAAACDAAAA | 1701.84     |
| AAAAAAAAAACDAAAA | 8061.19     |
| AAAAAAAAAAEAAAAA | 2099.52     |
| AAAAAAAAAAEAAAAA | 10389.41    |
+------------------+-------------+
