---
source: crates/runtime/benches/bench.rs
expression: records_pretty
---
+------------------+-------------+
| i_item_id        | total_sales |
+------------------+-------------+
| AAAAAAAAAADEAAAA | 0.00        |
| AAAAAAAAAAHBAAAA | 0.00        |
| AAAAAAAAAKGAAAAA | 0.00        |
| AAAAAAAAGHDAAAAA | 0.00        |
| AAAAAAAAHFICAAAA | 0.00        |
| AAAAAAAAKEFAAAAA | 0.00        |
| AAAAAAAAOLCEAAAA | 0.00        |
| AAAAAAAAIDDAAAAA | 2.04        |
| AAAAAAAAAAEDAAAA | 3.63        |
| AAAAAAAAEJECAAAA | 10.40       |
+------------------+-------------+
