---
source: crates/runtime/benches/bench.rs
expression: records_pretty
---
+------------+-------------+---------------------+----------------+
| l_orderkey | revenue     | o_orderdate         | o_shippriority |
+------------+-------------+---------------------+----------------+
| 2456423    | 406181.0111 | 1995-03-05T00:00:00 | 0              |
| 3459808    | 405838.6989 | 1995-03-04T00:00:00 | 0              |
| 492164     | 390324.0610 | 1995-02-19T00:00:00 | 0              |
| 1188320    | 384537.9359 | 1995-03-09T00:00:00 | 0              |
| 2435712    | 378673.0558 | 1995-02-26T00:00:00 | 0              |
| 4878020    | 378376.7952 | 1995-03-12T00:00:00 | 0              |
| 5521732    | 375153.9215 | 1995-03-13T00:00:00 | 0              |
| 2628192    | 373133.3094 | 1995-02-22T00:00:00 | 0              |
| 993600     | 371407.4595 | 1995-03-05T00:00:00 | 0              |
| 2300070    | 367371.1452 | 1995-03-13T00:00:00 | 0              |
+------------+-------------+---------------------+----------------+
