---
source: crates/runtime/benches/bench.rs
assertion_line: 386
expression: records_pretty
---
+----------+-----------+-------------------+--------------+------+-----------------------------------------+--------------------+--------------------+-----------------------+------+--------------------------------------------------+-----------------------------+-----------------------------+----------------------+------+-------------------------------------------------+----------------------------+----------------------------+
| ca_state | cd_gender | cd_marital_status | cd_dep_count | cnt1 | max(customer_demographics.cd_dep_count) | stddev_dep_count_1 | stddev_dep_count_2 | cd_dep_employed_count | cnt2 | max(customer_demographics.cd_dep_employed_count) | stddev_dep_employed_count_1 | stddev_dep_employed_count_2 | cd_dep_college_count | cnt3 | max(customer_demographics.cd_dep_college_count) | stddev_dep_college_count_1 | stddev_dep_college_count_2 |
+----------+-----------+-------------------+--------------+------+-----------------------------------------+--------------------+--------------------+-----------------------+------+--------------------------------------------------+-----------------------------+-----------------------------+----------------------+------+-------------------------------------------------+----------------------------+----------------------------+
|          | F         | D                 | 0            | 1    | 0                                       | 0.0                | 0.0                | 1                     | 1    | 1                                                | 0.0                         | 0.0                         | 5                    | 1    | 5                                               | 0.0                        | 0.0                        |
|          | F         | D                 | 0            | 1    | 0                                       | 0.0                | 0.0                | 4                     | 1    | 4                                                | 0.0                         | 0.0                         | 2                    | 1    | 2                                               | 0.0                        | 0.0                        |
|          | F         | D                 | 0            | 1    | 0                                       | 0.0                | 0.0                | 5                     | 1    | 5                                                | 0.0                         | 0.0                         | 2                    | 1    | 2                                               | 0.0                        | 0.0                        |
|          | F         | D                 | 2            | 1    | 2                                       | 0.0                | 0.0                | 1                     | 1    | 1                                                | 0.0                         | 0.0                         | 0                    | 1    | 0                                               | 0.0                        | 0.0                        |
|          | F         | D                 | 2            | 1    | 2                                       | 0.0                | 0.0                | 5                     | 1    | 5                                                | 0.0                         | 0.0                         | 4                    | 1    | 4                                               | 0.0                        | 0.0                        |
|          | F         | D                 | 3            | 1    | 3                                       | 0.0                | 0.0                | 2                     | 1    | 2                                                | 0.0                         | 0.0                         | 0                    | 1    | 0                                               | 0.0                        | 0.0                        |
|          | F         | D                 | 3            | 1    | 3                                       | 0.0                | 0.0                | 4                     | 1    | 4                                                | 0.0                         | 0.0                         | 4                    | 1    | 4                                               | 0.0                        | 0.0                        |
|          | F         | D                 | 3            | 1    | 3                                       | 0.0                | 0.0                | 5                     | 1    | 5                                                | 0.0                         | 0.0                         | 6                    | 1    | 6                                               | 0.0                        | 0.0                        |
|          | F         | D                 | 4            | 1    | 4                                       | 0.0                | 0.0                | 0                     | 1    | 0                                                | 0.0                         | 0.0                         | 5                    | 1    | 5                                               | 0.0                        | 0.0                        |
|          | F         | D                 | 4            | 1    | 4                                       | 0.0                | 0.0                | 1                     | 1    | 1                                                | 0.0                         | 0.0                         | 3                    | 1    | 3                                               | 0.0                        | 0.0                        |
+----------+-----------+-------------------+--------------+------+-----------------------------------------+--------------------+--------------------+-----------------------+------+--------------------------------------------------+-----------------------------+-----------------------------+----------------------+------+-------------------------------------------------+----------------------------+----------------------------+
