---
source: crates/runtime/benches/bench.rs
assertion_line: 386
expression: records_pretty
---
+-------------------------------------------------------+---------+----------+---------+------------+------------+-------------+-----------+
| substr(warehouse.w_warehouse_name,Int64(1),Int64(20)) | sm_type | web_name | 30 days | 31-60 days | 61-90 days | 91-120 days | >120 days |
+-------------------------------------------------------+---------+----------+---------+------------+------------+-------------+-----------+
|                                                       | EXPRESS | site_0   | 290     | 302        | 308        | 295         | 0         |
|                                                       | EXPRESS | site_1   | 318     | 301        | 307        | 330         | 0         |
|                                                       | EXPRESS | site_2   | 284     | 335        | 336        | 307         | 0         |
|                                                       | EXPRESS | site_3   | 247     | 263        | 289        | 263         | 0         |
|                                                       | EXPRESS | site_4   | 248     | 269        | 282        | 290         | 0         |
|                                                       | LIBRARY | site_0   | 186     | 193        | 177        | 157         | 0         |
|                                                       | LIBRARY | site_1   | 238     | 236        | 229        | 228         | 0         |
|                                                       | LIBRARY | site_2   | 260     | 242        | 262        | 226         | 0         |
|                                                       | LIBRARY | site_3   | 264     | 266        | 245        | 250         | 0         |
|                                                       | LIBRARY | site_4   | 224     | 214        | 218        | 180         | 0         |
+-------------------------------------------------------+---------+----------+---------+------------+------------+-------------+-----------+
