---
source: crates/runtime/benches/bench.rs
expression: records_pretty
---
+------------------------------+-------------------------------------+----------------------------------------+----------------------------------------+
| avg(store_sales.ss_quantity) | avg(store_sales.ss_ext_sales_price) | avg(store_sales.ss_ext_wholesale_cost) | sum(store_sales.ss_ext_wholesale_cost) |
+------------------------------+-------------------------------------+----------------------------------------+----------------------------------------+
| 41.0                         | 2873.158750                         | 2641.278750                            | 21130.23                               |
+------------------------------+-------------------------------------+----------------------------------------+----------------------------------------+
