---
source: crates/runtime/benches/bench.rs
expression: records_pretty
---
+---------------+-------------+
| i_manufact_id | total_sales |
+---------------+-------------+
| 993           | 30.05       |
| 699           | 52.65       |
| 823           | 92.05       |
| 783           | 129.04      |
| 733           | 574.31      |
| 748           | 636.01      |
| 931           | 1296.76     |
| 848           | 1377.50     |
| 853           | 1597.89     |
| 920           | 1605.43     |
+---------------+-------------+
