---
source: crates/runtime/benches/bench.rs
expression: records_pretty
---
+--------+---------------+-------------+-------------------------------------+
| d_year | i_category_id | i_category  | sum(store_sales.ss_ext_sales_price) |
+--------+---------------+-------------+-------------------------------------+
| 1998   | 1             | Women       | 456139.91                           |
| 1998   | 5             | Music       | 409189.15                           |
| 1998   | 6             | Jewelry     | 374067.44                           |
| 1998   | 7             | Home        | 322313.22                           |
| 1998   | 8             | Sports      | 312939.11                           |
| 1998   | 2             | Men         | 292622.17                           |
| 1998   | 3             | Children    | 287922.36                           |
| 1998   | 4             | Shoes       | 264991.66                           |
| 1998   | 10            | Electronics | 262623.69                           |
| 1998   | 9             | Books       | 190747.12                           |
+--------+---------------+-------------+-------------------------------------+
