---
source: crates/runtime/benches/bench.rs
expression: records_pretty
---
+------------------+-------------------------------------------------------------------------------------------------------------------------------------------------------------------------------------------------------+------------+---------+-----------------+-------------+--------------+
| i_item_id        | i_item_desc                                                                                                                                                                                           | i_category | i_class | i_current_price | itemrevenue | revenueratio |
+------------------+-------------------------------------------------------------------------------------------------------------------------------------------------------------------------------------------------------+------------+---------+-----------------+-------------+--------------+
| AAAAAAAAAKLBAAAA | Students take much indeed young resources. New, sexual parents hate low by a businesses. Integrate                                                                                                    | Books      | arts    | 1.54            | 260.60      | 0.401954     |
| AAAAAAAABFHDAAAA | Still left years require even. Di                                                                                                                                                                     | Books      | arts    | 2.58            | 1303.20     | 2.010080     |
| AAAAAAAACCMAAAAA | Powerfully consistent firms want less social, russian countries. Often positive u                                                                                                                     | Books      | arts    | 0.65            | 1116.36     | 1.721895     |
| AAAAAAAACDEEAAAA | Areas prevent from a trees. Intense friends should know often instead common eyes. Thus substantial steps influence particularly with a                                                               | Books      | arts    | 4.97            | 10910.71    | 16.828890    |
| AAAAAAAACMIDAAAA | Females mention personal, different techniques. Finally whole programmes would not run electric, vocational forms. Economically technical obligations could not give early members. Universal grounds | Books      | arts    | 5.87            | 468.18      | 0.722129     |
| AAAAAAAADCCDAAAA | Already similar lives take perhaps certain islands. Past thin facts find countries. Initial, steep shoulders ought to suggest concerned, hot references. Suitable                                     | Books      | arts    | 7.18            | 2725.82     | 4.204357     |
| AAAAAAAADPCCAAAA | Bright, happy seconds slow available men; tensions see so mountains. Wo                                                                                                                               | Books      | arts    | 4.23            | 3148.48     | 4.856276     |
| AAAAAAAAEAEAAAAA | Different parties obtain insects. Too royal me                                                                                                                                                        | Books      | arts    | 1.09            | 1354.93     | 2.089870     |
| AAAAAAAAFBMBAAAA | Clinical families cope international newspapers. Again essential principles may not define usually current written books. There poli                                                                  | Books      | arts    | 4.78            | 2574.69     | 3.971251     |
| AAAAAAAAFCKCAAAA | Here costly books must not correct thus necessary patterns. Other, monetary lovers can convey urgent blocks. Tomorrow recent years woul                                                               | Books      | arts    | 2.44            | 48.24       | 0.074406     |
+------------------+-------------------------------------------------------------------------------------------------------------------------------------------------------------------------------------------------------+------------+---------+-----------------+-------------+--------------+
