---
source: crates/runtime/benches/bench.rs
expression: records_pretty
---
+---------------+-------------+
| i_manufact_id | total_sales |
+---------------+-------------+
| 818           | 4.08        |
| 993           | 40.00       |
| 990           | 97.65       |
| 710           | 317.32      |
| 920           | 694.31      |
| 780           | 794.63      |
| 936           | 815.27      |
| 812           | 912.00      |
| 748           | 995.14      |
| 582           | 1243.55     |
+---------------+-------------+
