---
source: crates/runtime/benches/bench.rs
description: "Query: select l_comment, l_partkey from lineitem order by l_linenumber desc limit 10"
---
+---------------+--------------------------------------------------------------------------------------------------------------------------------------------------------------------------------------------------------------------------------------------------------------------------------------------------------------------------------------------------------------------------------+
| plan_type     | plan                                                                                                                                                                                                                                                                                                                                                                           |
+---------------+--------------------------------------------------------------------------------------------------------------------------------------------------------------------------------------------------------------------------------------------------------------------------------------------------------------------------------------------------------------------------------+
| logical_plan  | BytesProcessedNode                                                                                                                                                                                                                                                                                                                                                             |
|               |   Federated                                                                                                                                                                                                                                                                                                                                                                    |
|               |  Limit: skip=0, fetch=10                                                                                                                                                                                                                                                                                                                                                       |
|               |   Projection: lineitem.l_comment, lineitem.l_partkey                                                                                                                                                                                                                                                                                                                           |
|               |     Sort: lineitem.l_linenumber DESC NULLS FIRST                                                                                                                                                                                                                                                                                                                               |
|               |       Projection: lineitem.l_comment, lineitem.l_partkey, lineitem.l_linenumber                                                                                                                                                                                                                                                                                                |
|               |         TableScan: lineitem                                                                                                                                                                                                                                                                                                                                                    |
| physical_plan | BytesProcessedExec                                                                                                                                                                                                                                                                                                                                                             |
|               |   SchemaCastScanExec                                                                                                                                                                                                                                                                                                                                                           |
|               |     VirtualExecutionPlan name=spice.ai compute_context=url=https://flight.spiceai.io,username= sql=SELECT lineitem.l_comment, lineitem.l_partkey FROM lineitem ORDER BY lineitem.l_linenumber DESC NULLS FIRST LIMIT 10 rewritten_sql=SELECT tpch.lineitem.l_comment, tpch.lineitem.l_partkey FROM tpch.lineitem ORDER BY tpch.lineitem.l_linenumber DESC NULLS FIRST LIMIT 10 |
|               |                                                                                                                                                                                                                                                                                                                                                                                |
+---------------+--------------------------------------------------------------------------------------------------------------------------------------------------------------------------------------------------------------------------------------------------------------------------------------------------------------------------------------------------------------------------------+
