---
source: crates/runtime/benches/bench.rs
assertion_line: 386
expression: records_pretty
---
+------------------------+
| excess discount amount |
+------------------------+
| 153971.98              |
+------------------------+
