---
source: crates/runtime/benches/bench.rs
expression: records_pretty
---
+-----------------+----+--------------+------------+--------------+
| channel         | id | sales        | returns    | profit       |
+-----------------+----+--------------+------------+--------------+
| catalog channel | 1  | 136496133.90 | 1977144.03 | -14857629.58 |
| catalog channel | 3  | 133445712.80 | 1977144.03 | -13874851.83 |
| catalog channel | 5  | 136849440.15 | 1977144.03 | -15427339.98 |
| catalog channel |    | 408384226.65 | 9885720.15 | -46663869.55 |
| store channel   | 1  | 19638349.68  | 474304.95  | -8836808.53  |
| store channel   | 2  | 18979671.24  | 563536.42  | -8428489.93  |
| store channel   | 4  | 19478905.32  | 402779.93  | -8542435.83  |
| store channel   | 7  | 18397866.79  | 460011.92  | -8059899.92  |
| store channel   | 8  | 19543644.01  | 399948.74  | -8535878.60  |
| store channel   | 10 | 18104525.85  | 552007.64  | -8475682.69  |
+-----------------+----+--------------+------------+--------------+
