---
source: crates/runtime/benches/bench.rs
assertion_line: 386
expression: records_pretty
---
+-------------+--------------+-------------+-------------+------------------+----------------+--------------+------------+
| c_last_name | c_first_name | ca_city     | bought_city | ss_ticket_number | extended_price | extended_tax | list_price |
+-------------+--------------+-------------+-------------+------------------+----------------+--------------+------------+
|             |              | Unionville  | Woodlawn    | 70               | 14472.01       | 383.45       | 27139.95   |
|             |              | Ashland     | Cedar Grove | 6019             | 25572.48       | 608.81       | 42740.79   |
|             |              |             | Walnut      | 6303             | 19087.62       | 1157.82      | 38270.07   |
|             | Clyde        |             | Franklin    | 6570             | 26804.58       | 762.05       | 57778.27   |
|             |              | Lewis       | Church Hill | 6991             | 22923.87       | 1045.86      | 42307.23   |
|             |              | Midway      | Oakwood     | 11488            | 13314.57       | 425.70       | 30008.53   |
|             | Michael      | Oak Grove   |             | 15164            | 21737.79       | 924.75       | 43426.33   |
|             |              | Newtown     | Marion      | 23929            | 13108.12       | 550.67       | 30937.38   |
|             | John         | Parkwood    | Edgewood    | 24159            | 24087.46       | 1200.55      | 51305.29   |
|             | Keith        | Green Acres | Newtown     | 24227            | 28353.54       | 1046.57      | 62599.89   |
+-------------+--------------+-------------+-------------+------------------+----------------+--------------+------------+
