---
source: crates/runtime/benches/bench.rs
assertion_line: 386
expression: records_pretty
---
+------------------+------------+----------+-----------+-----------+------------+------------+-----------+--------------+-------------+----------+
| i_item_id        | ca_country | ca_state | ca_county | agg1      | agg2       | agg3       | agg4      | agg5         | agg6        | agg7     |
+------------------+------------+----------+-----------+-----------+------------+------------+-----------+--------------+-------------+----------+
|                  |            |          |           | 51.476773 | 100.831932 | 254.493066 | 51.220528 | -201.204890  | 1941.701222 | 3.122738 |
| AAAAAAAAAADBAAAA |            |          |           | 60.000000 | 200.600000 | 0.000000   | 62.180000 | -989.400000  | 1956.000000 | 0.000000 |
| AAAAAAAAAAGBAAAA |            |          |           | 98.000000 | 9.280000   | 0.000000   | 5.100000  | 125.440000   | 1950.000000 | 5.000000 |
| AAAAAAAAAAIAAAAA |            |          |           | 85.000000 | 139.970000 | 0.000000   | 79.780000 | 2222.750000  | 1972.000000 | 3.000000 |
| AAAAAAAAAAKBAAAA |            |          |           | 99.000000 | 39.600000  | 0.000000   | 39.600000 | 1823.580000  | 1948.000000 | 0.000000 |
| AAAAAAAAAANBAAAA |            |          |           | 58.000000 | 239.180000 | 0.000000   | 16.740000 | -4809.360000 | 1992.000000 | 4.000000 |
| AAAAAAAAAAODAAAA |            |          |           | 8.000000  | 88.570000  | 88.560000  | 22.140000 | -166.320000  | 1939.000000 | 3.000000 |
| AAAAAAAAABAAAAAA |            |          |           | 12.000000 | 16.240000  | 0.000000   | 1.460000  | -150.480000  | 1956.000000 | 0.000000 |
| AAAAAAAAABBDAAAA |            |          |           | 22.000000 | 12.300000  | 21.570000  | 4.670000  | -100.550000  | 1989.000000 | 5.000000 |
| AAAAAAAAABCCAAAA |            |          |           | 89.000000 | 30.370000  | 0.000000   | 6.980000  | -491.280000  | 1964.000000 | 5.000000 |
+------------------+------------+----------+-----------+-----------+------------+------------+-----------+--------------+-------------+----------+
