---
source: crates/runtime/benches/bench.rs
expression: records_pretty
---
+-----------------+----+--------------+------------+--------------+
| channel         | id | sales        | returns    | profit       |
+-----------------+----+--------------+------------+--------------+
| catalog channel | 1  | 135871666.65 | 1969603.95 | -13835339.99 |
| catalog channel | 3  | 135368025.55 | 1969603.95 | -13756514.69 |
| catalog channel | 5  | 138617419.55 | 1969603.95 | -14173616.34 |
| catalog channel |    | 639809.15    | 1969603.95 | -1082160.34  |
| catalog channel |    | 410496920.90 | 7878415.80 | -42847631.36 |
| store channel   | 1  | 19510095.89  | 544113.34  | -8866807.61  |
| store channel   | 2  | 19093778.56  | 518379.42  | -8376577.06  |
| store channel   | 4  | 19540973.56  | 448933.62  | -8865769.18  |
| store channel   | 7  | 18604373.13  | 475389.97  | -8308438.77  |
| store channel   | 8  | 19044691.40  | 457079.72  | -8829795.53  |
+-----------------+----+--------------+------------+--------------+
