---
source: crates/runtime/benches/bench.rs
expression: records_pretty
---
+------------------+------+------------+------------+------------+
| i_item_id        | agg1 | agg2       | agg3       | agg4       |
+------------------+------+------------+------------+------------+
| AAAAAAAAAAABAAAA | 8.5  | 128.765000 | 58.625000  | 45.005000  |
| AAAAAAAAAAACAAAA | 51.0 | 10.860000  | 62.650000  | 1.950000   |
| AAAAAAAAAAAEAAAA | 46.0 | 110.430000 | 265.515000 | 38.970000  |
| AAAAAAAAAABEAAAA | 25.0 | 98.540000  | 66.185000  | 78.240000  |
| AAAAAAAAAACDAAAA | 18.0 | 57.800000  | 0.000000   | 51.440000  |
| AAAAAAAAAADBAAAA | 89.0 | 157.080000 | 0.000000   | 149.220000 |
| AAAAAAAAAAEDAAAA | 39.0 | 64.320000  | 0.000000   | 48.360000  |
| AAAAAAAAAAEEAAAA | 22.0 | 161.520000 | 0.000000   | 19.380000  |
| AAAAAAAAAAFDAAAA | 88.0 | 10.500000  | 0.000000   | 8.610000   |
| AAAAAAAAAAGBAAAA | 78.0 | 2.520000   | 0.000000   | 0.950000   |
+------------------+------+------------+------------+------------+
