---
source: crates/runtime/benches/bench.rs
assertion_line: 386
expression: records_pretty
---
+------------------+--------------+--------------+-------------+-----------------------+-------------+---------------+--------------+----------------------+---------+-----------------------------------+-----------------------+------------------+
| c_customer_id    | c_salutation | c_first_name | c_last_name | c_preferred_cust_flag | c_birth_day | c_birth_month | c_birth_year | c_birth_country      | c_login | c_email_address                   | c_last_review_date_sk | ctr_total_return |
+------------------+--------------+--------------+-------------+-----------------------+-------------+---------------+--------------+----------------------+---------+-----------------------------------+-----------------------+------------------+
| AAAAAAAAAADBBAAA | Sir          | Chong        | Lopez       | Y                     | 4           | 6             | 1957         | THAILAND             |         | Chong.Lopez@lAelSqDjZLE.edu       | 2452448               | 2645.04          |
| AAAAAAAAAAEFBAAA | Mrs.         | Tara         | Fields      | Y                     | 27          | 2             | 1945         | HONG KONG            |         | Tara.Fields@eNTblGiGgPLo.edu      | 2452306               | 9264.77          |
| AAAAAAAAABHCAAAA | Ms.          | Susan        | Barr        | Y                     | 6           | 3             | 1947         | MALTA                |         | Susan.Barr@R.org                  | 2452617               | 2530.84          |
| AAAAAAAAAECOAAAA | Dr.          | Robert       | Mcnair      | Y                     | 3           | 3             | 1939         | SLOVAKIA             |         | Robert.Mcnair@q0om95yj0qLsR.edu   | 2452452               | 8524.06          |
| AAAAAAAAAEPABAAA | Dr.          | Brett        | Bullock     | Y                     | 24          | 1             | 1974         | GUYANA               |         | Brett.Bullock@Vg.com              | 2452402               | 1752.10          |
| AAAAAAAAAGEKAAAA | Dr.          | Jill         | Krebs       | Y                     | 4           | 11            | 1949         | TUVALU               |         | Jill.Krebs@cGVCFpEvC7o4XB.edu     | 2452305               | 1555.56          |
| AAAAAAAAAGNGBAAA | Mrs.         | Nancy        | Jackson     | Y                     | 28          | 1             | 1946         | POLAND               |         | Nancy.Jackson@lfpo6ivssH.edu      | 2452436               | 4234.23          |
| AAAAAAAAAKBNAAAA | Sir          | Donald       | Laporte     | N                     | 31          | 5             | 1970         | TUVALU               |         | Donald.Laporte@4V6.org            | 2452643               | 3464.08          |
| AAAAAAAAAMLMAAAA | Mr.          | Jeremy       | Duncan      | Y                     | 22          | 1             | 1935         | VIRGIN ISLANDS, U.S. |         | Jeremy.Duncan@XOHkbNvLdkY.org     | 2452323               | 12340.47         |
| AAAAAAAAANMFBAAA | Miss         | Sharon       | Branch      | Y                     | 1           | 12            | 1954         | SINGAPORE            |         | Sharon.Branch@P1gIaj0qTt9bTp8.org | 2452306               | 2689.32          |
+------------------+--------------+--------------+-------------+-----------------------+-------------+---------------+--------------+----------------------+---------+-----------------------------------+-----------------------+------------------+
