---
source: crates/runtime/benches/bench.rs
expression: records_pretty
---
+----------------+----------+
| ss_customer_sk | sumsales |
+----------------+----------+
| 159            | 0.00     |
| 810            | 0.00     |
| 960            | 0.00     |
| 1138           | 0.00     |
| 1165           | 0.00     |
| 2538           | 0.00     |
| 2723           | 0.00     |
| 2955           | 0.00     |
| 2958           | 0.00     |
| 3124           | 0.00     |
+----------------+----------+
