---
source: crates/runtime/benches/bench.rs
assertion_line: 386
expression: records_pretty
---
+--------------+-----------+-------------------+
| i_manager_id | sum_sales | avg_monthly_sales |
+--------------+-----------+-------------------+
| 1            | 530.00    | 1652.279167       |
| 1            | 746.81    | 1652.279167       |
| 1            | 827.37    | 1652.279167       |
| 1            | 923.61    | 1652.279167       |
| 1            | 1333.38   | 1652.279167       |
| 1            | 1339.25   | 1652.279167       |
| 1            | 1838.71   | 1652.279167       |
| 1            | 1907.78   | 1652.279167       |
| 1            | 2340.55   | 1652.279167       |
| 1            | 2771.03   | 1652.279167       |
+--------------+-----------+-------------------+
