---
source: crates/runtime/benches/bench.rs
assertion_line: 386
expression: records_pretty
---
+------------+---------+---------+---------------------+--------+-------+-------+------------+---------------+----+
| i_category | i_class | i_brand | i_product_name      | d_year | d_qoy | d_moy | s_store_id | sumsales      | rk |
+------------+---------+---------+---------------------+--------+-------+-------+------------+---------------+----+
|            |         |         |                     |        |       |       |            | 1003425880.37 | 1  |
|            |         |         |                     |        |       |       |            | 2854064.30    | 1  |
|            |         |         |                     |        |       |       |            | 1453058.17    | 2  |
|            |         |         |                     |        |       |       |            | 583378.55     | 3  |
|            |         |         |                     |        |       |       |            | 164252.09     | 4  |
|            |         |         |                     | 1999   |       |       |            | 145974.26     | 5  |
|            |         |         |                     | 1999   | 3     |       |            | 59361.63      | 83 |
|            |         |         |                     | 1999   | 4     |       |            | 86612.63      | 50 |
|            |         |         | ablepriablebarought |        |       |       |            | 92944.65      | 38 |
|            |         |         | ablepriablebarought | 1999   |       |       |            | 78181.80      | 57 |
+------------+---------+---------+---------------------+--------+-------+-------+------------+---------------+----+
