---
source: crates/runtime/benches/bench.rs
expression: records_pretty
---
+------------+----------+-----------------+----------------+--------+-------+-------+------------+------------+----+
| i_category | i_class  | i_brand         | i_product_name | d_year | d_qoy | d_moy | s_store_id | sumsales   | rk |
+------------+----------+-----------------+----------------+--------+-------+-------+------------+------------+----+
| Books      | arts     | amalgmaxi #11   |                |        |       |       |            | 961768.08  | 55 |
| Books      | arts     | amalgmaxi #2    |                |        |       |       |            | 771080.56  | 77 |
| Books      | arts     | amalgmaxi #3    |                |        |       |       |            | 837286.28  | 72 |
| Books      | arts     | amalgmaxi #5    |                |        |       |       |            | 593832.49  | 96 |
| Books      | arts     | amalgmaxi #8    |                |        |       |       |            | 640600.41  | 89 |
| Books      | arts     | amalgmaxi #9    |                |        |       |       |            | 750321.08  | 82 |
| Books      | arts     |                 |                |        |       |       |            | 5174534.62 | 16 |
| Books      | business | importomaxi #11 |                |        |       |       |            | 593905.70  | 95 |
| Books      | business | importomaxi #2  |                |        |       |       |            | 1089553.10 | 42 |
| Books      | business | importomaxi #8  |                |        |       |       |            | 987385.51  | 52 |
+------------+----------+-----------------+----------------+--------+-------+-------+------------+------------+----+
