---
source: crates/runtime/benches/bench.rs
expression: records_pretty
---
+-------------+--------------+---------------+----------------+------------------+----------------+--------------+------------+
| c_last_name | c_first_name | ca_city       | bought_city    | ss_ticket_number | extended_price | extended_tax | list_price |
+-------------+--------------+---------------+----------------+------------------+----------------+--------------+------------+
| Abbott      | Joseph       | Greenfield    | Midway         | 62751            | 26919.52       | 1116.58      | 57080.40   |
| Abbott      | Harriet      | Wesley        | Forest Hills   | 84405            | 22861.50       | 1369.56      | 44009.90   |
| Abney       | Louis        | Gladstone     | Green Acres    | 140967           | 19446.55       | 877.95       | 32461.55   |
| Acosta      | Johnnie      | Centerville   | Enterprise     | 69183            | 11146.93       | 215.50       | 17512.59   |
| Adair       | Kimberly     | Centerville   | Forest Hills   | 157619           | 14342.77       | 506.62       | 49363.10   |
| Adams       | Jonathon     | Highland Park | Pleasant Grove | 26218            | 19024.55       | 813.18       | 38782.23   |
| Adams       | Michelle     | Unionville    | Hillcrest      | 55515            | 24054.10       | 1006.01      | 60759.95   |
| Adams       | Genevieve    | Enterprise    | Union Hill     | 109910           | 38112.60       | 2078.45      | 68698.50   |
| Adams       | David        | Bridgeport    | Antioch        | 213366           | 7487.49        | 228.52       | 16742.78   |
| Adkins      | Daniel       | Wilson        | Providence     | 131164           | 20810.88       | 812.72       | 50529.61   |
+-------------+--------------+---------------+----------------+------------------+----------------+--------------+------------+
