---
source: crates/runtime/tests/integration.rs
description: "Query: SELECT * FROM test"
---
+---------------+----------------------------------------------------------------------------------------------------------------------------------------------------------------------------------------------------------------------------------------------------------------------------------------------------------------------------------------------------------------------------------------------------------------------------------------------------------------------------------------------------------------------------------------------------------------------------------------------------------------------------------------------------------------------------------------------------------------------------------------------------------------------------------------------------------------------------------------------------------------------------------------------------------------------+
| plan_type     | plan                                                                                                                                                                                                                                                                                                                                                                                                                                                                                                                                                                                                                                                                                                                                                                                                                                                                                                                 |
+---------------+----------------------------------------------------------------------------------------------------------------------------------------------------------------------------------------------------------------------------------------------------------------------------------------------------------------------------------------------------------------------------------------------------------------------------------------------------------------------------------------------------------------------------------------------------------------------------------------------------------------------------------------------------------------------------------------------------------------------------------------------------------------------------------------------------------------------------------------------------------------------------------------------------------------------+
| logical_plan  | BytesProcessedNode                                                                                                                                                                                                                                                                                                                                                                                                                                                                                                                                                                                                                                                                                                                                                                                                                                                                                                   |
|               |   Federated                                                                                                                                                                                                                                                                                                                                                                                                                                                                                                                                                                                                                                                                                                                                                                                                                                                                                                          |
|               |  Projection: test.id, test.col_bit, test.col_tiny, test.col_short, test.col_long, test.col_longlong, test.col_float, test.col_double, test.col_timestamp, test.col_date, test.col_time, test.col_blob, test.col_varchar, test.col_string, test.col_var_string, test.col_decimal, test.col_unsigned_int, test.col_char, test.col_set, test.col_json                                                                                                                                                                                                                                                                                                                                                                                                                                                                                                                                                                   |
|               |   TableScan: test                                                                                                                                                                                                                                                                                                                                                                                                                                                                                                                                                                                                                                                                                                                                                                                                                                                                                                    |
| physical_plan | BytesProcessedExec                                                                                                                                                                                                                                                                                                                                                                                                                                                                                                                                                                                                                                                                                                                                                                                                                                                                                                   |
|               |   SchemaCastScanExec                                                                                                                                                                                                                                                                                                                                                                                                                                                                                                                                                                                                                                                                                                                                                                                                                                                                                                 |
|               |     VirtualExecutionPlan name=mysql compute_context=host=localhost,port=13316,db=mysqldb,user=root sql=SELECT test.id, test.col_bit, test.col_tiny, test.col_short, test.col_long, test.col_longlong, test.col_float, test.col_double, test.col_timestamp, test.col_date, test.col_time, test.col_blob, test.col_varchar, test.col_string, test.col_var_string, test.col_decimal, test.col_unsigned_int, test.col_char, test.col_set, test.col_json FROM test rewritten_sql=SELECT `test`.`id`, `test`.`col_bit`, `test`.`col_tiny`, `test`.`col_short`, `test`.`col_long`, `test`.`col_longlong`, `test`.`col_float`, `test`.`col_double`, `test`.`col_timestamp`, `test`.`col_date`, `test`.`col_time`, `test`.`col_blob`, `test`.`col_varchar`, `test`.`col_string`, `test`.`col_var_string`, `test`.`col_decimal`, `test`.`col_unsigned_int`, `test`.`col_char`, `test`.`col_set`, `test`.`col_json` FROM `test` |
|               |                                                                                                                                                                                                                                                                                                                                                                                                                                                                                                                                                                                                                                                                                                                                                                                                                                                                                                                      |
+---------------+----------------------------------------------------------------------------------------------------------------------------------------------------------------------------------------------------------------------------------------------------------------------------------------------------------------------------------------------------------------------------------------------------------------------------------------------------------------------------------------------------------------------------------------------------------------------------------------------------------------------------------------------------------------------------------------------------------------------------------------------------------------------------------------------------------------------------------------------------------------------------------------------------------------------+
