---
source: crates/runtime/tests/acceleration/checkpoint_duckdb.rs
expression: persisted_records_pretty
---
+----------+----------------------+-----------------------+-----------------+---------------+------------+--------------------+--------------+--------------+--------------+-------------+-------+---------+------------+--------------+-----------------------+--------------+----------------------+-------------+
| VendorID | tpep_pickup_datetime | tpep_dropoff_datetime | passenger_count | trip_distance | RatecodeID | store_and_fwd_flag | PULocationID | DOLocationID | payment_type | fare_amount | extra | mta_tax | tip_amount | tolls_amount | improvement_surcharge | total_amount | congestion_surcharge | Airport_fee |
+----------+----------------------+-----------------------+-----------------+---------------+------------+--------------------+--------------+--------------+--------------+-------------+-------+---------+------------+--------------+-----------------------+--------------+----------------------+-------------+
| 2        | 2024-01-01T00:28:08  | 2024-01-01T00:29:16   | 1               | 0.04          | 1          | N                  | 113          | 113          | 2            | 3.0         | 1.0   | 0.5     | 0.0        | 0.0          | 1.0                   | 8.0          | 2.5                  | 0.0         |
| 1        | 2024-01-01T00:46:51  | 2024-01-01T00:52:57   | 1               | 0.8           | 1          | N                  | 211          | 148          | 1            | 7.9         | 3.5   | 0.5     | 3.2        | 0.0          | 1.0                   | 16.1         | 2.5                  | 0.0         |
| 1        | 2024-01-01T00:03:00  | 2024-01-01T00:09:36   | 1               | 1.8           | 1          | N                  | 140          | 236          | 1            | 10.0        | 3.5   | 0.5     | 3.75       | 0.0          | 1.0                   | 18.75        | 2.5                  | 0.0         |
| 1        | 2024-01-01T00:36:38  | 2024-01-01T00:44:56   | 1               | 1.4           | 1          | N                  | 79           | 211          | 1            | 10.0        | 3.5   | 0.5     | 2.0        | 0.0          | 1.0                   | 17.0         | 2.5                  | 0.0         |
| 2        | 2024-01-01T00:57:55  | 2024-01-01T01:17:43   | 1               | 1.72          | 1          | N                  | 186          | 79           | 2            | 17.7        | 1.0   | 0.5     | 0.0        | 0.0          | 1.0                   | 22.7         | 2.5                  | 0.0         |
| 1        | 2024-01-01T00:17:06  | 2024-01-01T00:35:01   | 1               | 4.7           | 1          | N                  | 236          | 79           | 1            | 23.3        | 3.5   | 0.5     | 3.0        | 0.0          | 1.0                   | 31.3         | 2.5                  | 0.0         |
| 1        | 2024-01-01T00:30:40  | 2024-01-01T00:58:40   | 0               | 3.0           | 1          | N                  | 246          | 231          | 2            | 25.4        | 3.5   | 0.5     | 0.0        | 0.0          | 1.0                   | 30.4         | 2.5                  | 0.0         |
| 1        | 2024-01-01T00:54:08  | 2024-01-01T01:26:31   | 1               | 4.7           | 1          | N                  | 148          | 141          | 1            | 29.6        | 3.5   | 0.5     | 6.9        | 0.0          | 1.0                   | 41.5         | 2.5                  | 0.0         |
| 2        | 2024-01-01T00:26:01  | 2024-01-01T00:54:12   | 1               | 5.44          | 1          | N                  | 161          | 261          | 2            | 31.0        | 1.0   | 0.5     | 0.0        | 0.0          | 1.0                   | 36.0         | 2.5                  | 0.0         |
| 2        | 2024-01-01T00:49:44  | 2024-01-01T01:15:47   | 2               | 10.82         | 1          | N                  | 138          | 181          | 1            | 45.7        | 6.0   | 0.5     | 10.0       | 0.0          | 1.0                   | 64.95        | 0.0                  | 1.75        |
+----------+----------------------+-----------------------+-----------------+---------------+------------+--------------------+--------------+--------------+--------------+-------------+-------+---------+------------+--------------+-----------------------+--------------+----------------------+-------------+
