---
source: crates/runtime/tests/acceleration/metadata_sqlite.rs
expression: pretty
---
+------------+--------------------------+----------+
| dataset    | key                      | metadata |
+------------+--------------------------+----------+
| taxi_trips | initial_refresh_complete | true     |
+------------+--------------------------+----------+
